exports[`Test suite for ChangePassword component ChangePassword should exist 1`] = `
<div
  className="undefined">
  <h2>
    Change Password
  </h2>
  <form
    onSubmit={[Function]}>
    <label>
      <TextInput
        inputType="text"
        label="Old Password:"
        onChange={[Function]}
        type="password"
        value="" />
    </label>
    <label>
      <TextInput
        inputType="text"
        label="New Password:"
        onChange={[Function]}
        type="password"
        value="" />
      <small>
        <em>
          Password strength:
        </em>
         
        /4
      </small>
    </label>
    <label>
      <TextInput
        inputType="text"
        label="Re-enter New Password:"
        onChange={[Function]}
        type="password"
        value="" />
    </label>
    <Button
      onClick={[Function]}
      primary={true}>
      Confirm
    </Button>
  </form>
</div>
`;
