exports[`Test suite for Snapshot component Snapshot should exist 1`] = `
<div>
  <header>
    <UserTab>
      <small>
        Dec 31 7:00 PM
      </small>
    </UserTab>
  </header>
  <section
    dangerouslySetInnerHTML={
      Object {
        "__html": undefined,
      }
    } />
  <footer />
</div>
`;
